24 19 0 5 25 15 1 13 0 0 1 0 2 12 15 -1 13 0 0 1 11 0 1 10 7 17 32 0 1 22 16 35 0 2 22 15 -1 15 -1 21 -1