24 19 0 5 25 15 1 13 0 0 1 0 2 12 15 -1 13 0 0 1 9 11 0 1 1 12 15 -1 15 0 16 46 13 0 0 1 9 11 0 1 1 12 15 -1 15 0 13 0 0 1 11 0 3 7 18 32 15 -1 21 -1