24 19 0 5 25 15 1 13 0 0 1 0 0 12 15 -1 16 43 13 0 0 1 11 22 15 -1 15 0 13 0 0 1 13 0 0 1 11 0 1 1 12 15 -1 13 0 0 1 11 0 5 7 18 18 0 10 23 15 -1 15 1 13 0 1 1 0 2 12 15 -1 16 84 13 0 1 1 11 22 15 -1 15 0 0 2 1 13 0 1 1 11 0 7 7 18 71 15 -2 21 -1